###############################################################################
#                                                                             #
# IAR ELF Linker V6.50.5.4819/W32 for ARM               02/May/2013  19:24:59 #
# Copyright 2007-2013 IAR Systems AB.                                         #
#                                                                             #
#    Output file  =  E:\Dropbox\IEEE ROV 2013\Software\STM32F4-Discovery_FW_V #
#                    1.1.0\Project\FW_upgrade\EWARM\FW_Upgrade_Demo\Exe\FW_Up #
#                    grade_Demo.out                                           #
#    Map file     =  E:\Dropbox\IEEE ROV 2013\Software\STM32F4-Discovery_FW_V #
#                    1.1.0\Project\FW_upgrade\EWARM\FW_Upgrade_Demo\List\FW_U #
#                    pgrade_Demo.map                                          #
#    Command line =  "E:\Dropbox\IEEE ROV 2013\Software\STM32F4-Discovery_FW_ #
#                    V1.1.0\Project\FW_upgrade\EWARM\FW_Upgrade_Demo\Obj\comm #
#                    and.o" "E:\Dropbox\IEEE ROV                              #
#                    2013\Software\STM32F4-Discovery_FW_V1.1.0\Project\FW_upg #
#                    rade\EWARM\FW_Upgrade_Demo\Obj\fattime.o"                #
#                    "E:\Dropbox\IEEE ROV 2013\Software\STM32F4-Discovery_FW_ #
#                    V1.1.0\Project\FW_upgrade\EWARM\FW_Upgrade_Demo\Obj\ff.o #
#                    " "E:\Dropbox\IEEE ROV 2013\Software\STM32F4-Discovery_F #
#                    W_V1.1.0\Project\FW_upgrade\EWARM\FW_Upgrade_Demo\Obj\fl #
#                    ash_if.o" "E:\Dropbox\IEEE ROV                           #
#                    2013\Software\STM32F4-Discovery_FW_V1.1.0\Project\FW_upg #
#                    rade\EWARM\FW_Upgrade_Demo\Obj\main.o" "E:\Dropbox\IEEE  #
#                    ROV 2013\Software\STM32F4-Discovery_FW_V1.1.0\Project\FW #
#                    _upgrade\EWARM\FW_Upgrade_Demo\Obj\misc.o"               #
#                    "E:\Dropbox\IEEE ROV 2013\Software\STM32F4-Discovery_FW_ #
#                    V1.1.0\Project\FW_upgrade\EWARM\FW_Upgrade_Demo\Obj\star #
#                    tup_stm32f4xx.o" "E:\Dropbox\IEEE ROV                    #
#                    2013\Software\STM32F4-Discovery_FW_V1.1.0\Project\FW_upg #
#                    rade\EWARM\FW_Upgrade_Demo\Obj\stm32f4_discovery.o"      #
#                    "E:\Dropbox\IEEE ROV 2013\Software\STM32F4-Discovery_FW_ #
#                    V1.1.0\Project\FW_upgrade\EWARM\FW_Upgrade_Demo\Obj\stm3 #
#                    2f4xx_adc.o" "E:\Dropbox\IEEE ROV                        #
#                    2013\Software\STM32F4-Discovery_FW_V1.1.0\Project\FW_upg #
#                    rade\EWARM\FW_Upgrade_Demo\Obj\stm32f4xx_dac.o"          #
#                    "E:\Dropbox\IEEE ROV 2013\Software\STM32F4-Discovery_FW_ #
#                    V1.1.0\Project\FW_upgrade\EWARM\FW_Upgrade_Demo\Obj\stm3 #
#                    2f4xx_dma.o" "E:\Dropbox\IEEE ROV                        #
#                    2013\Software\STM32F4-Discovery_FW_V1.1.0\Project\FW_upg #
#                    rade\EWARM\FW_Upgrade_Demo\Obj\stm32f4xx_exti.o"         #
#                    "E:\Dropbox\IEEE ROV 2013\Software\STM32F4-Discovery_FW_ #
#                    V1.1.0\Project\FW_upgrade\EWARM\FW_Upgrade_Demo\Obj\stm3 #
#                    2f4xx_flash.o" "E:\Dropbox\IEEE ROV                      #
#                    2013\Software\STM32F4-Discovery_FW_V1.1.0\Project\FW_upg #
#                    rade\EWARM\FW_Upgrade_Demo\Obj\stm32f4xx_gpio.o"         #
#                    "E:\Dropbox\IEEE ROV 2013\Software\STM32F4-Discovery_FW_ #
#                    V1.1.0\Project\FW_upgrade\EWARM\FW_Upgrade_Demo\Obj\stm3 #
#                    2f4xx_i2c.o" "E:\Dropbox\IEEE ROV                        #
#                    2013\Software\STM32F4-Discovery_FW_V1.1.0\Project\FW_upg #
#                    rade\EWARM\FW_Upgrade_Demo\Obj\stm32f4xx_it.o"           #
#                    "E:\Dropbox\IEEE ROV 2013\Software\STM32F4-Discovery_FW_ #
#                    V1.1.0\Project\FW_upgrade\EWARM\FW_Upgrade_Demo\Obj\stm3 #
#                    2f4xx_rcc.o" "E:\Dropbox\IEEE ROV                        #
#                    2013\Software\STM32F4-Discovery_FW_V1.1.0\Project\FW_upg #
#                    rade\EWARM\FW_Upgrade_Demo\Obj\stm32f4xx_spi.o"          #
#                    "E:\Dropbox\IEEE ROV 2013\Software\STM32F4-Discovery_FW_ #
#                    V1.1.0\Project\FW_upgrade\EWARM\FW_Upgrade_Demo\Obj\stm3 #
#                    2f4xx_syscfg.o" "E:\Dropbox\IEEE ROV                     #
#                    2013\Software\STM32F4-Discovery_FW_V1.1.0\Project\FW_upg #
#                    rade\EWARM\FW_Upgrade_Demo\Obj\stm32f4xx_tim.o"          #
#                    "E:\Dropbox\IEEE ROV 2013\Software\STM32F4-Discovery_FW_ #
#                    V1.1.0\Project\FW_upgrade\EWARM\FW_Upgrade_Demo\Obj\syst #
#                    em_stm32f4xx.o" "E:\Dropbox\IEEE ROV                     #
#                    2013\Software\STM32F4-Discovery_FW_V1.1.0\Project\FW_upg #
#                    rade\EWARM\FW_Upgrade_Demo\Obj\usb_bsp.o"                #
#                    "E:\Dropbox\IEEE ROV 2013\Software\STM32F4-Discovery_FW_ #
#                    V1.1.0\Project\FW_upgrade\EWARM\FW_Upgrade_Demo\Obj\usb_ #
#                    core.o" "E:\Dropbox\IEEE ROV                             #
#                    2013\Software\STM32F4-Discovery_FW_V1.1.0\Project\FW_upg #
#                    rade\EWARM\FW_Upgrade_Demo\Obj\usb_hcd.o"                #
#                    "E:\Dropbox\IEEE ROV 2013\Software\STM32F4-Discovery_FW_ #
#                    V1.1.0\Project\FW_upgrade\EWARM\FW_Upgrade_Demo\Obj\usb_ #
#                    hcd_int.o" "E:\Dropbox\IEEE ROV                          #
#                    2013\Software\STM32F4-Discovery_FW_V1.1.0\Project\FW_upg #
#                    rade\EWARM\FW_Upgrade_Demo\Obj\usbh_core.o"              #
#                    "E:\Dropbox\IEEE ROV 2013\Software\STM32F4-Discovery_FW_ #
#                    V1.1.0\Project\FW_upgrade\EWARM\FW_Upgrade_Demo\Obj\usbh #
#                    _hcs.o" "E:\Dropbox\IEEE ROV                             #
#                    2013\Software\STM32F4-Discovery_FW_V1.1.0\Project\FW_upg #
#                    rade\EWARM\FW_Upgrade_Demo\Obj\usbh_ioreq.o"             #
#                    "E:\Dropbox\IEEE ROV 2013\Software\STM32F4-Discovery_FW_ #
#                    V1.1.0\Project\FW_upgrade\EWARM\FW_Upgrade_Demo\Obj\usbh #
#                    _msc_bot.o" "E:\Dropbox\IEEE ROV                         #
#                    2013\Software\STM32F4-Discovery_FW_V1.1.0\Project\FW_upg #
#                    rade\EWARM\FW_Upgrade_Demo\Obj\usbh_msc_core.o"          #
#                    "E:\Dropbox\IEEE ROV 2013\Software\STM32F4-Discovery_FW_ #
#                    V1.1.0\Project\FW_upgrade\EWARM\FW_Upgrade_Demo\Obj\usbh #
#                    _msc_fatfs.o" "E:\Dropbox\IEEE ROV                       #
#                    2013\Software\STM32F4-Discovery_FW_V1.1.0\Project\FW_upg #
#                    rade\EWARM\FW_Upgrade_Demo\Obj\usbh_msc_scsi.o"          #
#                    "E:\Dropbox\IEEE ROV 2013\Software\STM32F4-Discovery_FW_ #
#                    V1.1.0\Project\FW_upgrade\EWARM\FW_Upgrade_Demo\Obj\usbh #
#                    _stdreq.o" "E:\Dropbox\IEEE ROV                          #
#                    2013\Software\STM32F4-Discovery_FW_V1.1.0\Project\FW_upg #
#                    rade\EWARM\FW_Upgrade_Demo\Obj\usbh_usr.o" --redirect    #
#                    _Printf=_PrintfFull --redirect _Scanf=_ScanfFull -o      #
#                    "E:\Dropbox\IEEE ROV 2013\Software\STM32F4-Discovery_FW_ #
#                    V1.1.0\Project\FW_upgrade\EWARM\FW_Upgrade_Demo\Exe\FW_U #
#                    pgrade_Demo.out" --map "E:\Dropbox\IEEE ROV              #
#                    2013\Software\STM32F4-Discovery_FW_V1.1.0\Project\FW_upg #
#                    rade\EWARM\FW_Upgrade_Demo\List\FW_Upgrade_Demo.map"     #
#                    --config "E:\Dropbox\IEEE ROV                            #
#                    2013\Software\STM32F4-Discovery_FW_V1.1.0\Project\FW_upg #
#                    rade\EWARM\stm32f4xx_flash.icf" --semihosting --entry    #
#                    __iar_program_start --vfe                                #
#                                                                             #
#                                                                             #
###############################################################################

*******************************************************************************
*** RUNTIME MODEL ATTRIBUTES
***

CppFlavor       = *
__SystemLibrary = DLib


*******************************************************************************
*** PLACEMENT SUMMARY
***

"A1":  place at 0x08000000 { ro section .intvec };
"P1":  place in [from 0x08000000 to 0x080fffff] { ro };
"P2":  place in [from 0x20000000 to 0x2001ffff] { rw, block CSTACK, block HEAP };

  Section            Kind        Address    Size  Object
  -------            ----        -------    ----  ------
"A1":                                      0x188
  .intvec            ro code  0x08000000   0x188  startup_stm32f4xx.o [1]
                            - 0x08000188   0x188

"P1":                                     0x45c4
  .text              ro code  0x08000188  0x11fe  ff.o [1]
  .text              ro code  0x08001386    0x2e  copy_init3.o [5]
  .text              ro code  0x080013b4   0x124  usbh_msc_fatfs.o [1]
  .text              ro code  0x080014d8     0x4  fattime.o [1]
  .text              ro code  0x080014dc    0x9e  usb_hcd.o [1]
  .text              ro code  0x0800157a    0x22  zero_init3.o [5]
  .text              ro code  0x0800159c   0x384  usbh_msc_scsi.o [1]
  .text              ro code  0x08001920   0x290  usbh_msc_bot.o [1]
  .text              ro code  0x08001bb0   0x67c  usb_core.o [1]
  .text              ro code  0x0800222c   0x106  usbh_ioreq.o [1]
  .text              ro code  0x08002332   0x284  usbh_stdreq.o [1]
  .text              ro code  0x080025b8   0x22a  usb_bsp.o [1]
  .text              ro code  0x080027e4   0x15d  stm32f4_discovery.o [1]
  .text              ro code  0x08002944    0x58  stm32f4xx_rcc.o [1]
  .text              ro code  0x0800299c    0xaa  stm32f4xx_gpio.o [1]
  .text              ro code  0x08002a48    0x8c  misc.o [1]
  .text              ro code  0x08002ad4    0xd4  stm32f4xx_tim.o [1]
  .text              ro code  0x08002ba8    0x28  stm32f4xx_syscfg.o [1]
  .text              ro code  0x08002bd0    0x90  stm32f4xx_exti.o [1]
  .text              ro code  0x08002c60   0x774  usb_hcd_int.o [1]
  .text              ro code  0x080033d4   0x5b0  usbh_core.o [1]
  .text              ro code  0x08003984    0xde  usbh_hcs.o [1]
  .text              ro code  0x08003a64   0x240  usbh_msc_core.o [1]
  .text              ro code  0x08003ca4   0x1e8  command.o [1]
  .text              ro code  0x08003e8c   0x10c  flash_if.o [1]
  .text              ro code  0x08003f98   0x1b4  usbh_usr.o [1]
  .text              ro code  0x0800414c   0x132  stm32f4xx_flash.o [1]
  .text              ro code  0x08004280    0xe0  system_stm32f4xx.o [1]
  .text              ro code  0x08004360    0xb8  stm32f4xx_it.o [1]
  .text              ro code  0x08004418    0x68  main.o [1]
  .text              ro code  0x08004480    0x28  data_init.o [5]
  .iar.init_table    const    0x080044a8    0x24  - Linker created -
  .text              ro code  0x080044cc    0x1a  fpinit_M.o [4]
  .text              ro code  0x080044e8    0x16  cmain.o [5]
  .text              ro code  0x080044fe     0x4  low_level_init.o [3]
  .text              ro code  0x08004502     0x4  exit.o [3]
  .text              ro code  0x08004508     0xa  cexit.o [5]
  .text              ro code  0x08004514    0x14  exit.o [6]
  .text              ro code  0x08004528    0x10  startup_stm32f4xx.o [1]
  .text              ro code  0x08004538     0xc  cstartup_M.o [5]
  .text              ro code  0x08004544     0x4  startup_stm32f4xx.o [1]
  .text              ro code  0x08004548     0x4  startup_stm32f4xx.o [1]
  .text              ro code  0x0800454c     0x4  startup_stm32f4xx.o [1]
  .text              ro code  0x08004550     0x4  startup_stm32f4xx.o [1]
  .text              ro code  0x08004554     0x4  startup_stm32f4xx.o [1]
  .text              ro code  0x08004558     0x4  startup_stm32f4xx.o [1]
  .text              ro code  0x0800455c     0x4  startup_stm32f4xx.o [1]
  .text              ro code  0x08004560     0x4  startup_stm32f4xx.o [1]
  .text              ro code  0x08004564     0x4  startup_stm32f4xx.o [1]
  .text              ro code  0x08004568     0x4  startup_stm32f4xx.o [1]
  .text              ro code  0x0800456c     0x4  startup_stm32f4xx.o [1]
  .text              ro code  0x08004570     0x4  startup_stm32f4xx.o [1]
  .text              ro code  0x08004574     0x4  startup_stm32f4xx.o [1]
  .text              ro code  0x08004578     0x4  startup_stm32f4xx.o [1]
  .text              ro code  0x0800457c     0x4  startup_stm32f4xx.o [1]
  .text              ro code  0x08004580     0x4  startup_stm32f4xx.o [1]
  .text              ro code  0x08004584     0x4  startup_stm32f4xx.o [1]
  .text              ro code  0x08004588     0x4  startup_stm32f4xx.o [1]
  .text              ro code  0x0800458c     0x4  startup_stm32f4xx.o [1]
  .text              ro code  0x08004590     0x4  startup_stm32f4xx.o [1]
  .text              ro code  0x08004594     0x4  startup_stm32f4xx.o [1]
  .text              ro code  0x08004598     0x4  startup_stm32f4xx.o [1]
  .text              ro code  0x0800459c     0x4  startup_stm32f4xx.o [1]
  .text              ro code  0x080045a0     0x4  startup_stm32f4xx.o [1]
  .text              ro code  0x080045a4     0x4  startup_stm32f4xx.o [1]
  .text              ro code  0x080045a8     0x4  startup_stm32f4xx.o [1]
  .text              ro code  0x080045ac     0x4  startup_stm32f4xx.o [1]
  .text              ro code  0x080045b0     0x4  startup_stm32f4xx.o [1]
  .text              ro code  0x080045b4     0x4  startup_stm32f4xx.o [1]
  .text              ro code  0x080045b8     0x4  startup_stm32f4xx.o [1]
  .text              ro code  0x080045bc     0x4  startup_stm32f4xx.o [1]
  .text              ro code  0x080045c0     0x4  startup_stm32f4xx.o [1]
  .text              ro code  0x080045c4     0x4  startup_stm32f4xx.o [1]
  .text              ro code  0x080045c8     0x4  startup_stm32f4xx.o [1]
  .text              ro code  0x080045cc     0x4  startup_stm32f4xx.o [1]
  .text              ro code  0x080045d0     0x4  startup_stm32f4xx.o [1]
  .text              ro code  0x080045d4     0x4  startup_stm32f4xx.o [1]
  .text              ro code  0x080045d8     0x4  startup_stm32f4xx.o [1]
  .text              ro code  0x080045dc     0x4  startup_stm32f4xx.o [1]
  .text              ro code  0x080045e0     0x4  startup_stm32f4xx.o [1]
  .text              ro code  0x080045e4     0x4  startup_stm32f4xx.o [1]
  .text              ro code  0x080045e8     0x4  startup_stm32f4xx.o [1]
  .text              ro code  0x080045ec     0x4  startup_stm32f4xx.o [1]
  .text              ro code  0x080045f0     0x4  startup_stm32f4xx.o [1]
  .text              ro code  0x080045f4     0x4  startup_stm32f4xx.o [1]
  .text              ro code  0x080045f8     0x4  startup_stm32f4xx.o [1]
  .text              ro code  0x080045fc     0x4  startup_stm32f4xx.o [1]
  .text              ro code  0x08004600     0x4  startup_stm32f4xx.o [1]
  .text              ro code  0x08004604     0x4  startup_stm32f4xx.o [1]
  .text              ro code  0x08004608     0x4  startup_stm32f4xx.o [1]
  .text              ro code  0x0800460c     0x4  startup_stm32f4xx.o [1]
  .text              ro code  0x08004610     0x4  startup_stm32f4xx.o [1]
  .text              ro code  0x08004614     0x4  startup_stm32f4xx.o [1]
  .text              ro code  0x08004618     0x4  startup_stm32f4xx.o [1]
  .text              ro code  0x0800461c     0x4  startup_stm32f4xx.o [1]
  .text              ro code  0x08004620     0x4  startup_stm32f4xx.o [1]
  .text              ro code  0x08004624     0x4  startup_stm32f4xx.o [1]
  .text              ro code  0x08004628     0x4  startup_stm32f4xx.o [1]
  .text              ro code  0x0800462c     0x4  startup_stm32f4xx.o [1]
  .text              ro code  0x08004630     0x4  startup_stm32f4xx.o [1]
  .text              ro code  0x08004634     0x4  startup_stm32f4xx.o [1]
  .text              ro code  0x08004638     0x4  startup_stm32f4xx.o [1]
  .text              ro code  0x0800463c     0x4  startup_stm32f4xx.o [1]
  .text              ro code  0x08004640     0x4  startup_stm32f4xx.o [1]
  .text              ro code  0x08004644     0x4  startup_stm32f4xx.o [1]
  .text              ro code  0x08004648     0x4  startup_stm32f4xx.o [1]
  .text              ro code  0x0800464c     0x4  startup_stm32f4xx.o [1]
  .text              ro code  0x08004650     0x4  startup_stm32f4xx.o [1]
  .text              ro code  0x08004654     0x4  startup_stm32f4xx.o [1]
  .text              ro code  0x08004658     0x4  startup_stm32f4xx.o [1]
  .text              ro code  0x0800465c     0x4  startup_stm32f4xx.o [1]
  .text              ro code  0x08004660     0x4  startup_stm32f4xx.o [1]
  .text              ro code  0x08004664     0x4  startup_stm32f4xx.o [1]
  .text              ro code  0x08004668     0x4  startup_stm32f4xx.o [1]
  .text              ro code  0x0800466c     0x4  startup_stm32f4xx.o [1]
  .text              ro code  0x08004670     0x4  startup_stm32f4xx.o [1]
  .text              ro code  0x08004674     0x4  startup_stm32f4xx.o [1]
  .text              ro code  0x08004678     0x4  startup_stm32f4xx.o [1]
  .text              ro code  0x0800467c     0x4  startup_stm32f4xx.o [1]
  .text              ro code  0x08004680     0x4  startup_stm32f4xx.o [1]
  .text              ro code  0x08004684     0x4  startup_stm32f4xx.o [1]
  .text              ro code  0x08004688     0x4  startup_stm32f4xx.o [1]
  .text              ro code  0x0800468c     0x4  startup_stm32f4xx.o [1]
  .text              ro code  0x08004690     0x4  startup_stm32f4xx.o [1]
  .text              ro code  0x08004694     0x4  startup_stm32f4xx.o [1]
  .text              ro code  0x08004698     0x4  startup_stm32f4xx.o [1]
  .text              ro code  0x0800469c     0x4  startup_stm32f4xx.o [1]
  .text              ro code  0x080046a0     0x4  startup_stm32f4xx.o [1]
  .text              ro code  0x080046a4     0x4  startup_stm32f4xx.o [1]
  .text              ro code  0x080046a8     0x4  startup_stm32f4xx.o [1]
  .text              ro code  0x080046ac     0x4  startup_stm32f4xx.o [1]
  .rodata            const    0x080046b0     0x0  zero_init3.o [5]
  .rodata            const    0x080046b0     0x0  copy_init3.o [5]
  Initializer bytes  ro data  0x080046b0    0x9c  <for P2 s0>
                            - 0x0800474c  0x45c4

"P2", part 1 of 3:                          0x9c
  P2 s0                       0x20000000    0x9c  <Init block>
    .data            inited   0x20000000    0x48  usbh_usr.o [1]
    .data            inited   0x20000048    0x14  system_stm32f4xx.o [1]
    .data            inited   0x2000005c    0x10  stm32f4_discovery.o [1]
    .data            inited   0x2000006c    0x10  usbh_msc_core.o [1]
    .data            inited   0x2000007c     0xc  command.o [1]
    .data            inited   0x20000088     0xc  usbh_core.o [1]
    .data            inited   0x20000094     0x4  stm32f4_discovery.o [1]
    .data            inited   0x20000098     0x1  usbh_msc_fatfs.o [1]
    .data            inited   0x20000099     0x1  usbh_msc_scsi.o [1]
                            - 0x2000009c    0x9c

"P2", part 2 of 3:                        0x9484
  .bss               zero     0x2000009c  0x8000  command.o [1]
  .bss               zero     0x2000809c   0x53c  main.o [1]
  .bss               zero     0x200085d8   0x43c  usbh_usr.o [1]
  .bss               zero     0x20008a14   0x424  usbh_usr.o [1]
  .bss               zero     0x20008e38   0x424  usbh_usr.o [1]
  .bss               zero     0x2000925c   0x200  usbh_msc_scsi.o [1]
  .bss               zero     0x2000945c    0x4c  usbh_msc_core.o [1]
  .bss               zero     0x200094a8    0x30  usbh_msc_bot.o [1]
  .bss               zero     0x200094d8    0x20  usbh_msc_bot.o [1]
  .bss               zero     0x200094f8    0x10  usbh_msc_scsi.o [1]
  .bss               zero     0x20009508     0x8  ff.o [1]
  .bss               zero     0x20009510     0x4  usb_bsp.o [1]
  .bss               zero     0x20009514     0x2  usbh_core.o [1]
  .bss               zero     0x20009516     0x2  usbh_msc_core.o [1]
  .bss               zero     0x20009518     0x1  stm32f4xx_it.o [1]
  .bss               zero     0x20009519     0x1  usbh_usr.o [1]
                            - 0x2000951a  0x947e

"P2", part 3 of 3:                         0x400
  CSTACK                      0x20009520   0x400  <Block>
    CSTACK           uninit   0x20009520   0x400  <Block tail>
                            - 0x20009920   0x400


*******************************************************************************
*** INIT TABLE
***

          Address     Size
          -------     ----
Zero (__iar_zero_init3)
    1 destination range, total size 0x947e:
          0x2000009c  0x947e

Copy (__iar_copy_init3)
    1 source range, total size 0x9c (101% of destination):
          0x080046b0    0x9c
    1 destination range, total size 0x9a:
          0x20000000    0x9a



*******************************************************************************
*** MODULE SUMMARY
***

    Module               ro code  ro data  rw data
    ------               -------  -------  -------
E:\Dropbox\IEEE ROV 2013\Software\STM32F4-Discovery_FW_V1.1.0\Project\FW_upgrade\EWARM\FW_Upgrade_Demo\Obj: [1]
    command.o                488       12   32 780
    fattime.o                  4
    ff.o                   4 606                 8
    flash_if.o               268
    main.o                   104             1 340
    misc.o                   140
    startup_stm32f4xx.o      772
    stm32f4_discovery.o      349       20       20
    stm32f4xx_exti.o         144
    stm32f4xx_flash.o        306
    stm32f4xx_gpio.o         170
    stm32f4xx_it.o           184                 1
    stm32f4xx_rcc.o           88
    stm32f4xx_syscfg.o        40
    stm32f4xx_tim.o          212
    system_stm32f4xx.o       224       20       20
    usb_bsp.o                554                 4
    usb_core.o             1 660
    usb_hcd.o                158
    usb_hcd_int.o          1 908
    usbh_core.o            1 456       12       14
    usbh_hcs.o               222
    usbh_ioreq.o             262
    usbh_msc_bot.o           656                80
    usbh_msc_core.o          576       16       94
    usbh_msc_fatfs.o         292        1        1
    usbh_msc_scsi.o          900        1      529
    usbh_stdreq.o            644
    usbh_usr.o               436       72    3 277
    ----------------------------------------------
    Total:                17 823      154   38 168

command line: [2]
    ----------------------------------------------
    Total:

dl7M_tlf.a: [3]
    exit.o                     4
    low_level_init.o           4
    ----------------------------------------------
    Total:                     8

m7M_tlv.a: [4]
    fpinit_M.o                26
    ----------------------------------------------
    Total:                    26

rt7M_tl.a: [5]
    cexit.o                   10
    cmain.o                   22
    copy_init3.o              46
    cstartup_M.o              12
    data_init.o               40
    zero_init3.o              34
    ----------------------------------------------
    Total:                   164

shb_l.a: [6]
    exit.o                    20
    ----------------------------------------------
    Total:                    20

    Gaps                      19
    Linker created                     38    1 024
--------------------------------------------------
    Grand Total:          18 060      192   39 192


*******************************************************************************
*** ENTRY LIST
***

Entry                      Address    Size  Type      Object
-----                      -------    ----  ----      ------
?main                   0x080044e9          Code  Gb  cmain.o [5]
ADC_IRQHandler          0x080045b1          Code  Wk  startup_stm32f4xx.o [1]
AHBPrescTable           0x20000048    0x10  Data  Gb  system_stm32f4xx.o [1]
BOTStallErrorCount      0x200094cc     0x4  Data  Lc  usbh_msc_bot.o [1]
BSP_Delay               0x0800274f    0x68  Code  Lc  usb_bsp.o [1]
BSP_Init                0x080025b9    0x26  Code  Gb  usb_bsp.o [1]
BSP_delay               0x20009510     0x4  Data  Gb  usb_bsp.o [1]
BUTTON_CLK              0x08002930     0x4  Data  Gb  stm32f4_discovery.o [1]
BUTTON_EXTI_LINE        0x08002934     0x2  Data  Gb  stm32f4_discovery.o [1]
BUTTON_IRQn             0x08002940     0x1  Data  Gb  stm32f4_discovery.o [1]
BUTTON_PIN              0x0800292c     0x2  Data  Gb  stm32f4_discovery.o [1]
BUTTON_PIN_SOURCE       0x0800293c     0x1  Data  Gb  stm32f4_discovery.o [1]
BUTTON_PORT             0x20000094     0x4  Data  Gb  stm32f4_discovery.o [1]
BUTTON_PORT_SOURCE      0x08002938     0x1  Data  Gb  stm32f4_discovery.o [1]
BusFault_Handler        0x08004367     0x2  Code  Gb  stm32f4xx_it.o [1]
CAN1_RX0_IRQHandler     0x080045b9          Code  Wk  startup_stm32f4xx.o [1]
CAN1_RX1_IRQHandler     0x080045bd          Code  Wk  startup_stm32f4xx.o [1]
CAN1_SCE_IRQHandler     0x080045c1          Code  Wk  startup_stm32f4xx.o [1]
CAN1_TX_IRQHandler      0x080045b5          Code  Wk  startup_stm32f4xx.o [1]
CAN2_RX0_IRQHandler     0x08004669          Code  Wk  startup_stm32f4xx.o [1]
CAN2_RX1_IRQHandler     0x0800466d          Code  Wk  startup_stm32f4xx.o [1]
CAN2_SCE_IRQHandler     0x08004671          Code  Wk  startup_stm32f4xx.o [1]
CAN2_TX_IRQHandler      0x08004665          Code  Wk  startup_stm32f4xx.o [1]
COMMAND_DOWNLOAD        0x08003d59    0x5c  Code  Gb  command.o [1]
COMMAND_JUMP            0x08003dbb    0x18  Code  Gb  command.o [1]
COMMAND_ProgramFlashMemory
                        0x08003dd3    0x7c  Code  Gb  command.o [1]
COMMAND_UPLOAD          0x08003ca5    0xb4  Code  Gb  command.o [1]
CRYP_IRQHandler         0x080046a5          Code  Wk  startup_stm32f4xx.o [1]
CSTACK$$Base            0x20009520           --   Gb  - Linker created -
CSTACK$$Limit           0x20009920           --   Gb  - Linker created -
Counter                 0x20009518     0x1  Data  Gb  stm32f4xx_it.o [1]
DCMI_IRQHandler         0x080046a1          Code  Wk  startup_stm32f4xx.o [1]
DMA1_Stream0_IRQHandler
                        0x08004595          Code  Wk  startup_stm32f4xx.o [1]
DMA1_Stream1_IRQHandler
                        0x08004599          Code  Wk  startup_stm32f4xx.o [1]
DMA1_Stream2_IRQHandler
                        0x0800459d          Code  Wk  startup_stm32f4xx.o [1]
DMA1_Stream3_IRQHandler
                        0x080045a1          Code  Wk  startup_stm32f4xx.o [1]
DMA1_Stream4_IRQHandler
                        0x080045a5          Code  Wk  startup_stm32f4xx.o [1]
DMA1_Stream5_IRQHandler
                        0x080045a9          Code  Wk  startup_stm32f4xx.o [1]
DMA1_Stream6_IRQHandler
                        0x080045ad          Code  Wk  startup_stm32f4xx.o [1]
DMA1_Stream7_IRQHandler
                        0x08004625          Code  Wk  startup_stm32f4xx.o [1]
DMA2_Stream0_IRQHandler
                        0x08004649          Code  Wk  startup_stm32f4xx.o [1]
DMA2_Stream1_IRQHandler
                        0x0800464d          Code  Wk  startup_stm32f4xx.o [1]
DMA2_Stream2_IRQHandler
                        0x08004651          Code  Wk  startup_stm32f4xx.o [1]
DMA2_Stream3_IRQHandler
                        0x08004655          Code  Wk  startup_stm32f4xx.o [1]
DMA2_Stream4_IRQHandler
                        0x08004659          Code  Wk  startup_stm32f4xx.o [1]
DMA2_Stream5_IRQHandler
                        0x08004679          Code  Wk  startup_stm32f4xx.o [1]
DMA2_Stream6_IRQHandler
                        0x0800467d          Code  Wk  startup_stm32f4xx.o [1]
DMA2_Stream7_IRQHandler
                        0x08004681          Code  Wk  startup_stm32f4xx.o [1]
DebugMon_Handler        0x0800436d     0x2  Code  Gb  stm32f4xx_it.o [1]
Delay                   0x08004111    0x12  Code  Gb  usbh_usr.o [1]
ETH_IRQHandler          0x0800465d          Code  Wk  startup_stm32f4xx.o [1]
ETH_WKUP_IRQHandler     0x08004661          Code  Wk  startup_stm32f4xx.o [1]
EXTI0_IRQHandler        0x080043dd    0x1c  Code  Gb  stm32f4xx_it.o [1]
EXTI15_10_IRQHandler    0x08004609          Code  Wk  startup_stm32f4xx.o [1]
EXTI1_IRQHandler        0x080043bd    0x20  Code  Gb  stm32f4xx_it.o [1]
EXTI2_IRQHandler        0x08004589          Code  Wk  startup_stm32f4xx.o [1]
EXTI3_IRQHandler        0x0800458d          Code  Wk  startup_stm32f4xx.o [1]
EXTI4_IRQHandler        0x08004591          Code  Wk  startup_stm32f4xx.o [1]
EXTI9_5_IRQHandler      0x080045c5          Code  Wk  startup_stm32f4xx.o [1]
EXTI_ClearITPendingBit  0x08002c4d     0x2  Code  Gb  stm32f4xx_exti.o [1]
EXTI_GetITStatus        0x08002c37    0x16  Code  Gb  stm32f4xx_exti.o [1]
EXTI_Init               0x08002bd1    0x66  Code  Gb  stm32f4xx_exti.o [1]
FLASH_EraseSector       0x0800415f    0x66  Code  Gb  stm32f4xx_flash.o [1]
FLASH_GetStatus         0x08004219    0x2e  Code  Gb  stm32f4xx_flash.o [1]
FLASH_IRQHandler        0x08004579          Code  Wk  startup_stm32f4xx.o [1]
FLASH_If_EraseSectors   0x08003ea3    0xbe  Code  Gb  flash_if.o [1]
FLASH_If_FlashUnlock    0x08003e8d     0x4  Code  Gb  flash_if.o [1]
FLASH_If_ProgramWord    0x08003f95     0x4  Code  Gb  flash_if.o [1]
FLASH_If_ReadOutProtectionStatus
                        0x08003e91    0x12  Code  Gb  flash_if.o [1]
FLASH_OB_GetRDP         0x0800420b     0xe  Code  Gb  stm32f4xx_flash.o [1]
FLASH_ProgramWord       0x080041c5    0x26  Code  Gb  stm32f4xx_flash.o [1]
FLASH_Unlock            0x0800414d    0x12  Code  Gb  stm32f4xx_flash.o [1]
FLASH_WaitForLastOperation
                        0x08004261    0x1e  Code  Gb  stm32f4xx_flash.o [1]
FPU_IRQHandler          0x080046ad          Code  Wk  startup_stm32f4xx.o [1]
FSMC_IRQHandler         0x08004629          Code  Wk  startup_stm32f4xx.o [1]
Fail_Handler            0x08004101    0x10  Code  Gb  usbh_usr.o [1]
FatFs                   0x2000950c     0x4  Data  Lc  ff.o [1]
Fsid                    0x20009508     0x2  Data  Lc  ff.o [1]
GPIO_CLK                0x0800291c    0x10  Data  Gb  stm32f4_discovery.o [1]
GPIO_Init               0x0800299d    0x70  Code  Gb  stm32f4xx_gpio.o [1]
GPIO_PIN                0x08002914     0x8  Data  Gb  stm32f4_discovery.o [1]
GPIO_PORT               0x2000005c    0x10  Data  Gb  stm32f4_discovery.o [1]
GPIO_PinAFConfig        0x08002a23    0x24  Code  Gb  stm32f4xx_gpio.o [1]
GPIO_ReadInputDataBit   0x08002a0d     0xe  Code  Gb  stm32f4xx_gpio.o [1]
GPIO_ResetBits          0x08002a1f     0x4  Code  Gb  stm32f4xx_gpio.o [1]
GPIO_SetBits            0x08002a1b     0x4  Code  Gb  stm32f4xx_gpio.o [1]
HASH_RNG_IRQHandler     0x080046a9          Code  Wk  startup_stm32f4xx.o [1]
HCD_GetCurrentFrame     0x0800154d     0x8  Code  Gb  usb_hcd.o [1]
HCD_GetCurrentSpeed     0x08001531     0xc  Code  Gb  usb_hcd.o [1]
HCD_GetURB_State        0x08001555     0x8  Code  Gb  usb_hcd.o [1]
HCD_GetXferCnt          0x0800155d     0xa  Code  Gb  usb_hcd.o [1]
HCD_Init                0x080014dd    0x54  Code  Gb  usb_hcd.o [1]
HCD_IsDeviceConnected   0x08001547     0x6  Code  Gb  usb_hcd.o [1]
HCD_ResetPort           0x0800153d     0xa  Code  Gb  usb_hcd.o [1]
HCD_SubmitRequest       0x08001567    0x14  Code  Gb  usb_hcd.o [1]
HardFault_Handler       0x08004363     0x2  Code  Gb  stm32f4xx_it.o [1]
I2C1_ER_IRQHandler      0x080045e9          Code  Wk  startup_stm32f4xx.o [1]
I2C1_EV_IRQHandler      0x080045e5          Code  Wk  startup_stm32f4xx.o [1]
I2C2_ER_IRQHandler      0x080045f1          Code  Wk  startup_stm32f4xx.o [1]
I2C2_EV_IRQHandler      0x080045ed          Code  Wk  startup_stm32f4xx.o [1]
I2C3_ER_IRQHandler      0x0800468d          Code  Wk  startup_stm32f4xx.o [1]
I2C3_EV_IRQHandler      0x08004689          Code  Wk  startup_stm32f4xx.o [1]
JumpAddress             0x200080a0     0x4  Data  Gb  main.o [1]
Jump_To_Application     0x2000809c     0x4  Data  Gb  main.o [1]
LastPGAddress           0x20000084     0x4  Data  Lc  command.o [1]
MSCErrorCount           0x20009516     0x1  Data  Gb  usbh_msc_core.o [1]
MSC_Machine             0x2000945c    0x4c  Data  Gb  usbh_msc_core.o [1]
MemManage_Handler       0x08004365     0x2  Code  Gb  stm32f4xx_it.o [1]
NMI_Handler             0x08004361     0x2  Code  Gb  stm32f4xx_it.o [1]
NVIC_Init               0x08002a53    0x58  Code  Gb  misc.o [1]
NVIC_PriorityGroupConfig
                        0x08002a49     0xa  Code  Gb  misc.o [1]
NVIC_SetVectorTable     0x08002aab     0xc  Code  Gb  misc.o [1]
OTG_FS_IRQHandler       0x080043fd     0x6  Code  Gb  stm32f4xx_it.o [1]
OTG_FS_WKUP_IRQHandler  0x08004611          Code  Wk  startup_stm32f4xx.o [1]
OTG_HS_EP1_IN_IRQHandler
                        0x08004695          Code  Wk  startup_stm32f4xx.o [1]
OTG_HS_EP1_OUT_IRQHandler
                        0x08004691          Code  Wk  startup_stm32f4xx.o [1]
OTG_HS_IRQHandler       0x0800469d          Code  Wk  startup_stm32f4xx.o [1]
OTG_HS_WKUP_IRQHandler  0x08004699          Code  Wk  startup_stm32f4xx.o [1]
PVD_IRQHandler          0x0800456d          Code  Wk  startup_stm32f4xx.o [1]
PendSV_Handler          0x0800436f     0x2  Code  Gb  stm32f4xx_it.o [1]
RAM_Buf                 0x2000009c  0x8000  Data  Lc  command.o [1]
RCC_AHB1PeriphClockCmd  0x08002945    0x12  Code  Gb  stm32f4xx_rcc.o [1]
RCC_AHB2PeriphClockCmd  0x08002957    0x12  Code  Gb  stm32f4xx_rcc.o [1]
RCC_APB1PeriphClockCmd  0x08002969    0x12  Code  Gb  stm32f4xx_rcc.o [1]
RCC_APB2PeriphClockCmd  0x0800297b    0x12  Code  Gb  stm32f4xx_rcc.o [1]
RCC_IRQHandler          0x0800457d          Code  Wk  startup_stm32f4xx.o [1]
RTC_Alarm_IRQHandler    0x0800460d          Code  Wk  startup_stm32f4xx.o [1]
RTC_WKUP_IRQHandler     0x08004575          Code  Wk  startup_stm32f4xx.o [1]
RamAddress              0x20000080     0x4  Data  Lc  command.o [1]
Region$$Table$$Base     0x080044a8           --   Gb  - Linker created -
Region$$Table$$Limit    0x080044cc           --   Gb  - Linker created -
Reset_Handler           0x08004529          Code  Wk  startup_stm32f4xx.o [1]
SDIO_IRQHandler         0x0800462d          Code  Wk  startup_stm32f4xx.o [1]
SPI1_IRQHandler         0x080045f5          Code  Wk  startup_stm32f4xx.o [1]
SPI2_IRQHandler         0x080045f9          Code  Wk  startup_stm32f4xx.o [1]
SPI3_IRQHandler         0x08004635          Code  Wk  startup_stm32f4xx.o [1]
STM_EVAL_LEDInit        0x080027e5    0x3c  Code  Gb  stm32f4_discovery.o [1]
STM_EVAL_LEDOff         0x08002833    0x12  Code  Gb  stm32f4_discovery.o [1]
STM_EVAL_LEDOn          0x08002821    0x12  Code  Gb  stm32f4_discovery.o [1]
STM_EVAL_LEDToggle      0x08002845    0x16  Code  Gb  stm32f4_discovery.o [1]
STM_EVAL_PBGetState     0x080028f9    0x12  Code  Gb  stm32f4_discovery.o [1]
STM_EVAL_PBInit         0x0800285b    0x94  Code  Gb  stm32f4_discovery.o [1]
SVC_Handler             0x0800436b     0x2  Code  Gb  stm32f4xx_it.o [1]
SYSCFG_EXTILineConfig   0x08002ba9    0x22  Code  Gb  stm32f4xx_syscfg.o [1]
Stat                    0x20000098     0x1  Data  Lc  usbh_msc_fatfs.o [1]
SysTick_Handler         0x08004371    0x4c  Code  Gb  stm32f4xx_it.o [1]
SystemCoreClock         0x20000058     0x4  Data  Gb  system_stm32f4xx.o [1]
SystemInit              0x08004281    0xc4  Code  Gb  system_stm32f4xx.o [1]
TAMP_STAMP_IRQHandler   0x08004571          Code  Wk  startup_stm32f4xx.o [1]
TIM1_BRK_TIM9_IRQHandler
                        0x080045c9          Code  Wk  startup_stm32f4xx.o [1]
TIM1_CC_IRQHandler      0x080045d5          Code  Wk  startup_stm32f4xx.o [1]
TIM1_TRG_COM_TIM11_IRQHandler
                        0x080045d1          Code  Wk  startup_stm32f4xx.o [1]
TIM1_UP_TIM10_IRQHandler
                        0x080045cd          Code  Wk  startup_stm32f4xx.o [1]
TIM2_IRQHandler         0x080043f9     0x4  Code  Gb  stm32f4xx_it.o [1]
TIM3_IRQHandler         0x080045dd          Code  Wk  startup_stm32f4xx.o [1]
TIM4_IRQHandler         0x080045e1          Code  Wk  startup_stm32f4xx.o [1]
TIM5_IRQHandler         0x08004631          Code  Wk  startup_stm32f4xx.o [1]
TIM6_DAC_IRQHandler     0x08004641          Code  Wk  startup_stm32f4xx.o [1]
TIM7_IRQHandler         0x08004645          Code  Wk  startup_stm32f4xx.o [1]
TIM8_BRK_TIM12_IRQHandler
                        0x08004615          Code  Wk  startup_stm32f4xx.o [1]
TIM8_CC_IRQHandler      0x08004621          Code  Wk  startup_stm32f4xx.o [1]
TIM8_TRG_COM_TIM14_IRQHandler
                        0x0800461d          Code  Wk  startup_stm32f4xx.o [1]
TIM8_UP_TIM13_IRQHandler
                        0x08004619          Code  Wk  startup_stm32f4xx.o [1]
TIM_ARRPreloadConfig    0x08002b37    0x14  Code  Gb  stm32f4xx_tim.o [1]
TIM_ClearITPendingBit   0x08002ba1     0x2  Code  Gb  stm32f4xx_tim.o [1]
TIM_Cmd                 0x08002b4b    0x14  Code  Gb  stm32f4xx_tim.o [1]
TIM_GetITStatus         0x08002b8d    0x14  Code  Gb  stm32f4xx_tim.o [1]
TIM_ITConfig            0x08002b7d    0x10  Code  Gb  stm32f4xx_tim.o [1]
TIM_TimeBaseInit        0x08002ad5    0x62  Code  Gb  stm32f4xx_tim.o [1]
TimingDelay             0x200085dc     0x4  Data  Gb  usbh_usr.o [1]
TimingDelay_Decrement   0x08004123     0xe  Code  Gb  usbh_usr.o [1]
TmpReadSize             0x2000007c     0x4  Data  Lc  command.o [1]
UART4_IRQHandler        0x08004639          Code  Wk  startup_stm32f4xx.o [1]
UART5_IRQHandler        0x0800463d          Code  Wk  startup_stm32f4xx.o [1]
USART1_IRQHandler       0x080045fd          Code  Wk  startup_stm32f4xx.o [1]
USART2_IRQHandler       0x08004601          Code  Wk  startup_stm32f4xx.o [1]
USART3_IRQHandler       0x08004605          Code  Wk  startup_stm32f4xx.o [1]
USART6_IRQHandler       0x08004685          Code  Wk  startup_stm32f4xx.o [1]
USBH_Alloc_Channel      0x08003a01    0x34  Code  Gb  usbh_hcs.o [1]
USBH_BulkReceiveData    0x080022ff    0x16  Code  Gb  usbh_ioreq.o [1]
USBH_BulkSendData       0x080022e9    0x16  Code  Gb  usbh_ioreq.o [1]
USBH_ClrFeature         0x0800242f    0x2e  Code  Gb  usbh_stdreq.o [1]
USBH_Connect            0x080033d5    0x12  Code  Gb  usbh_core.o [1]
USBH_CtlReceiveData     0x080022cd    0x1c  Code  Gb  usbh_ioreq.o [1]
USBH_CtlReq             0x0800222d    0x50  Code  Gb  usbh_ioreq.o [1]
USBH_CtlSendData        0x080022a3    0x2a  Code  Gb  usbh_ioreq.o [1]
USBH_CtlSendSetup       0x0800227d    0x26  Code  Gb  usbh_ioreq.o [1]
USBH_DataInBuffer       0x2000925c   0x200  Data  Gb  usbh_msc_scsi.o [1]
USBH_DeAllocate_AllChannel
                        0x08003a4d    0x16  Code  Gb  usbh_hcs.o [1]
USBH_DeInit             0x0800344b    0x38  Code  Gb  usbh_core.o [1]
USBH_DeviceConnStatus_cb
                        0x20000088     0xc  Data  Gb  usbh_core.o [1]
USBH_Disconnect         0x080033e7    0x12  Code  Gb  usbh_core.o [1]
USBH_ErrorHandle        0x0800361b    0x30  Code  Gb  usbh_core.o [1]
USBH_Free_Channel       0x08003a35    0x18  Code  Gb  usbh_hcs.o [1]
USBH_GetDescriptor      0x080023df    0x32  Code  Gb  usbh_stdreq.o [1]
USBH_GetNextDesc        0x080025a7    0x10  Code  Lc  usbh_stdreq.o [1]
USBH_Get_CfgDesc        0x08002359    0x2e  Code  Gb  usbh_stdreq.o [1]
USBH_Get_DevDesc        0x08002333    0x26  Code  Gb  usbh_stdreq.o [1]
USBH_Get_StringDesc     0x08002395    0x4a  Code  Gb  usbh_stdreq.o [1]
USBH_HandleControl      0x080037dd   0x17e  Code  Gb  usbh_core.o [1]
USBH_HandleEnum         0x0800364d   0x182  Code  Lc  usbh_core.o [1]
USBH_Init               0x080033f9    0x52  Code  Gb  usbh_core.o [1]
USBH_MSC_BOTXferParam   0x200094a8    0x10  Data  Gb  usbh_msc_bot.o [1]
USBH_MSC_BOT_Abort      0x08001b1f    0x30  Code  Gb  usbh_msc_bot.o [1]
USBH_MSC_CBWData        0x200094d8    0x20  Data  Gb  usbh_msc_bot.o [1]
USBH_MSC_CSWData        0x200094b8    0x10  Data  Gb  usbh_msc_bot.o [1]
USBH_MSC_ClassRequest   0x08003b29     0xa  Code  Lc  usbh_msc_core.o [1]
USBH_MSC_DecodeCSW      0x08001b4f    0x46  Code  Gb  usbh_msc_bot.o [1]
USBH_MSC_ErrorHandle    0x08003c6f    0x28  Code  Gb  usbh_msc_core.o [1]
USBH_MSC_Handle         0x08003b35   0x13a  Code  Lc  usbh_msc_core.o [1]
USBH_MSC_HandleBOTXfer  0x08001949   0x1ce  Code  Gb  usbh_msc_bot.o [1]
USBH_MSC_Init           0x08001921    0x28  Code  Gb  usbh_msc_bot.o [1]
USBH_MSC_InterfaceDeInit
                        0x08003af7    0x32  Code  Lc  usbh_msc_core.o [1]
USBH_MSC_InterfaceInit  0x08003a65    0x80  Code  Lc  usbh_msc_core.o [1]
USBH_MSC_ModeSense6     0x0800169d    0x86  Code  Gb  usbh_msc_scsi.o [1]
USBH_MSC_Param          0x200094f8    0x10  Data  Gb  usbh_msc_scsi.o [1]
USBH_MSC_Read10         0x08001847    0xc0  Code  Gb  usbh_msc_scsi.o [1]
USBH_MSC_ReadCapacity10
                        0x08001611    0x8c  Code  Gb  usbh_msc_scsi.o [1]
USBH_MSC_RequestSense   0x08001729    0x8a  Code  Gb  usbh_msc_scsi.o [1]
USBH_MSC_TestUnitReady  0x0800159d    0x74  Code  Gb  usbh_msc_scsi.o [1]
USBH_MSC_Write10        0x080017b3    0x94  Code  Gb  usbh_msc_scsi.o [1]
USBH_MSC_cb             0x2000006c    0x10  Data  Gb  usbh_msc_core.o [1]
USBH_Modify_Channel     0x080039d1    0x30  Code  Gb  usbh_hcs.o [1]
USBH_OTG_ISR_Handler    0x08002c61    0xf4  Code  Gb  usb_hcd_int.o [1]
USBH_Open_Channel       0x08003985    0x4c  Code  Gb  usbh_hcs.o [1]
USBH_ParseCfgDesc       0x080024b5    0xf2  Code  Lc  usbh_stdreq.o [1]
USBH_ParseDevDesc       0x0800245d    0x58  Code  Lc  usbh_stdreq.o [1]
USBH_Process            0x08003485   0x178  Code  Gb  usbh_core.o [1]
USBH_SetAddress         0x08002411     0x8  Code  Gb  usbh_stdreq.o [1]
USBH_SetCfg             0x08002419     0x6  Code  Gb  usbh_stdreq.o [1]
USBH_USR_ApplicationState
                        0x200085d8     0x1  Data  Lc  usbh_usr.o [1]
USBH_USR_Configuration_DescAvailable
                        0x0800400d     0x2  Code  Gb  usbh_usr.o [1]
USBH_USR_DeInit         0x080040f9     0x8  Code  Gb  usbh_usr.o [1]
USBH_USR_DeviceAddressAssigned
                        0x0800400b     0x2  Code  Gb  usbh_usr.o [1]
USBH_USR_DeviceAttached
                        0x08003ff3     0x2  Code  Gb  usbh_usr.o [1]
USBH_USR_DeviceDisconnected
                        0x08003ff7     0x2  Code  Gb  usbh_usr.o [1]
USBH_USR_DeviceNotSupported
                        0x08004017     0x2  Code  Gb  usbh_usr.o [1]
USBH_USR_DeviceSpeedDetected
                        0x08003ffb     0xe  Code  Gb  usbh_usr.o [1]
USBH_USR_Device_DescAvailable
                        0x08004009     0x2  Code  Gb  usbh_usr.o [1]
USBH_USR_EnumerationDone
                        0x08004015     0x2  Code  Gb  usbh_usr.o [1]
USBH_USR_Init           0x08003f99    0x5a  Code  Gb  usbh_usr.o [1]
USBH_USR_MSC_Application
                        0x0800401f    0xda  Code  Gb  usbh_usr.o [1]
USBH_USR_Manufacturer_String
                        0x0800400f     0x2  Code  Gb  usbh_usr.o [1]
USBH_USR_OverCurrentDetected
                        0x0800401d     0x2  Code  Gb  usbh_usr.o [1]
USBH_USR_Product_String
                        0x08004011     0x2  Code  Gb  usbh_usr.o [1]
USBH_USR_ResetDevice    0x08003ff9     0x2  Code  Gb  usbh_usr.o [1]
USBH_USR_SerialNum_String
                        0x08004013     0x2  Code  Gb  usbh_usr.o [1]
USBH_USR_UnrecoveredError
                        0x08003ff5     0x2  Code  Gb  usbh_usr.o [1]
USBH_USR_UserInput      0x08004019     0x4  Code  Gb  usbh_usr.o [1]
USB_Host                0x20008554    0x84  Data  Gb  main.o [1]
USB_OTG_BSP_ConfigVBUS  0x080026df    0x3a  Code  Gb  usb_bsp.o [1]
USB_OTG_BSP_DriveVBUS   0x080026cd    0x12  Code  Gb  usb_bsp.o [1]
USB_OTG_BSP_EnableInterrupt
                        0x08002685    0x30  Code  Gb  usb_bsp.o [1]
USB_OTG_BSP_Init        0x080025df    0xa0  Code  Gb  usb_bsp.o [1]
USB_OTG_BSP_TimerIRQ    0x08002721    0x2e  Code  Gb  usb_bsp.o [1]
USB_OTG_BSP_mDelay      0x0800271d     0x4  Code  Gb  usb_bsp.o [1]
USB_OTG_BSP_uDelay      0x08002719     0x4  Code  Gb  usb_bsp.o [1]
USB_OTG_Core            0x200080a4   0x4b0  Data  Gb  main.o [1]
USB_OTG_CoreInit        0x08001d05    0xc4  Code  Gb  usb_core.o [1]
USB_OTG_CoreInitHost    0x08001e91    0x7c  Code  Gb  usb_core.o [1]
USB_OTG_CoreReset       0x08001bb1    0x4a  Code  Lc  usb_core.o [1]
USB_OTG_DisableGlobalInt
                        0x08001dd3     0x8  Code  Gb  usb_core.o [1]
USB_OTG_DriveVbus       0x08001f1b    0x3a  Code  Gb  usb_core.o [1]
USB_OTG_EnableGlobalInt
                        0x08001dc9     0xa  Code  Gb  usb_core.o [1]
USB_OTG_EnableHostInt   0x08001f55    0x2a  Code  Gb  usb_core.o [1]
USB_OTG_FlushRxFifo     0x08001e0f    0x24  Code  Gb  usb_core.o [1]
USB_OTG_FlushTxFifo     0x08001de1    0x2e  Code  Gb  usb_core.o [1]
USB_OTG_GetMode         0x08001e6f     0xa  Code  Gb  usb_core.o [1]
USB_OTG_HC_DoPing       0x080021df    0x20  Code  Gb  usb_core.o [1]
USB_OTG_HC_Halt         0x080021a9    0x36  Code  Gb  usb_core.o [1]
USB_OTG_HC_Init         0x08001fcf    0xd8  Code  Gb  usb_core.o [1]
USB_OTG_HC_StartXfer    0x080020a7   0x102  Code  Gb  usb_core.o [1]
USB_OTG_InitFSLSPClkSel
                        0x08001f7f    0x12  Code  Gb  usb_core.o [1]
USB_OTG_IsEvenFrame     0x08001f0d     0xe  Code  Gb  usb_core.o [1]
USB_OTG_IsHostMode      0x08001e79     0xe  Code  Gb  usb_core.o [1]
USB_OTG_ReadCoreItr     0x08001e87     0xa  Code  Gb  usb_core.o [1]
USB_OTG_ReadHPRT0       0x08001f91     0xc  Code  Gb  usb_core.o [1]
USB_OTG_ReadHostAllChannels_intr
                        0x08001f9d     0x6  Code  Gb  usb_core.o [1]
USB_OTG_ReadPacket      0x08001c25    0x24  Code  Gb  usb_core.o [1]
USB_OTG_ResetPort       0x08001fa3    0x2c  Code  Gb  usb_core.o [1]
USB_OTG_SelectCore      0x08001c49    0xbc  Code  Gb  usb_core.o [1]
USB_OTG_SetCurrentMode  0x08001e49    0x26  Code  Gb  usb_core.o [1]
USB_OTG_USBH_handle_hc_n_In_ISR
                        0x0800311d   0x1c2  Code  Lc  usb_hcd_int.o [1]
USB_OTG_USBH_handle_hc_n_Out_ISR
                        0x08002f9b   0x15c  Code  Lc  usb_hcd_int.o [1]
USB_OTG_USBH_handle_nptxfempty_ISR
                        0x08002d55    0xa6  Code  Lc  usb_hcd_int.o [1]
USB_OTG_USBH_handle_port_ISR
                        0x08002ef7    0xa4  Code  Lc  usb_hcd_int.o [1]
USB_OTG_USBH_handle_ptxfempty_ISR
                        0x08002dfb    0xa6  Code  Lc  usb_hcd_int.o [1]
USB_OTG_USBH_handle_rx_qlvl_ISR
                        0x08003303    0xd2  Code  Lc  usb_hcd_int.o [1]
USB_OTG_WritePacket     0x08001bfb    0x2a  Code  Gb  usb_core.o [1]
USR_Callbacks           0x20000000    0x48  Data  Gb  usbh_usr.o [1]
UploadCondition         0x200085e0     0x4  Data  Gb  usbh_usr.o [1]
UsageFault_Handler      0x08004369     0x2  Code  Gb  stm32f4xx_it.o [1]
WWDG_IRQHandler         0x08004569          Code  Wk  startup_stm32f4xx.o [1]
__cmain                 0x080044e9          Code  Gb  cmain.o [5]
__exit                  0x08004515    0x14  Code  Gb  exit.o [6]
__iar_copy_init3        0x08001387    0x2e  Code  Gb  copy_init3.o [5]
__iar_data_init3        0x08004481    0x28  Code  Gb  data_init.o [5]
__iar_init_vfp          0x080044cd          Code  Gb  fpinit_M.o [4]
__iar_program_start     0x08004539          Code  Gb  cstartup_M.o [5]
__iar_zero_init3        0x0800157b    0x22  Code  Gb  zero_init3.o [5]
__low_level_init        0x080044ff     0x4  Code  Gb  low_level_init.o [3]
__vector_table          0x08000000          Data  Gb  startup_stm32f4xx.o [1]
_call_main              0x080044f5          Code  Gb  cmain.o [5]
_exit                   0x08004509          Code  Gb  cexit.o [5]
_main                   0x080044fb          Code  Gb  cmain.o [5]
check_fs                0x08000a55    0x64  Code  Lc  ff.o [1]
chk_mounted             0x08000ab9   0x298  Code  Gb  ff.o [1]
clust2sect              0x080005bd    0x18  Code  Gb  ff.o [1]
create_chain            0x08000535    0x88  Code  Lc  ff.o [1]
create_name             0x0800082d    0xea  Code  Lc  ff.o [1]
dir_next                0x08000675    0xfc  Code  Lc  ff.o [1]
dir_read                0x08000771    0x38  Code  Lc  ff.o [1]
dir_register            0x080007a9    0x5e  Code  Lc  ff.o [1]
dir_remove              0x0800080d    0x20  Code  Lc  ff.o [1]
dir_seek                0x080005d5    0xa0  Code  Lc  ff.o [1]
disk_initialize         0x080013b5    0x18  Code  Gb  usbh_msc_fatfs.o [1]
disk_ioctl              0x0800148f    0x38  Code  Gb  usbh_msc_fatfs.o [1]
disk_read               0x080013d9    0x4c  Code  Gb  usbh_msc_fatfs.o [1]
disk_status             0x080013cd     0xc  Code  Gb  usbh_msc_fatfs.o [1]
disk_write              0x08001425    0x56  Code  Gb  usbh_msc_fatfs.o [1]
exit                    0x08004503     0x4  Code  Gb  exit.o [3]
f_close                 0x0800129b    0x10  Code  Gb  ff.o [1]
f_mount                 0x08000d79    0x1c  Code  Gb  ff.o [1]
f_open                  0x08000da9   0x14a  Code  Gb  ff.o [1]
f_read                  0x08000ef3   0x164  Code  Gb  ff.o [1]
f_sync                  0x080011ff    0x9c  Code  Gb  ff.o [1]
f_unlink                0x080012df    0x94  Code  Gb  ff.o [1]
f_write                 0x08001057   0x19a  Code  Gb  ff.o [1]
fatfs                   0x200085e4   0x430  Data  Gb  usbh_usr.o [1]
file                    0x20008a14   0x424  Data  Gb  usbh_usr.o [1]
fileR                   0x20008e38   0x424  Data  Gb  usbh_usr.o [1]
follow_path             0x080009a5    0xaa  Code  Lc  ff.o [1]
get_fat                 0x080002d5    0xd0  Code  Gb  ff.o [1]
get_fattime             0x080014d9     0x4  Code  Gb  fattime.o [1]
main                    0x08004419    0x68  Code  Gb  main.o [1]
mem_cpy                 0x08000189    0x14  Code  Lc  ff.o [1]
mem_set                 0x0800019d    0x10  Code  Lc  ff.o [1]
move_window             0x080001ad    0x52  Code  Lc  ff.o [1]
put_fat                 0x080003af   0x12a  Code  Gb  ff.o [1]
remove_chain            0x080004d9    0x56  Code  Lc  ff.o [1]
sync                    0x0800020d    0xc8  Code  Lc  ff.o [1]
validate                0x08000d51    0x28  Code  Lc  ff.o [1]


[1] = E:\Dropbox\IEEE ROV 2013\Software\STM32F4-Discovery_FW_V1.1.0\Project\FW_upgrade\EWARM\FW_Upgrade_Demo\Obj
[2] = command line
[3] = dl7M_tlf.a
[4] = m7M_tlv.a
[5] = rt7M_tl.a
[6] = shb_l.a

  18 060 bytes of readonly  code memory
     192 bytes of readonly  data memory
  39 192 bytes of readwrite data memory

Errors: none
Warnings: none
